2026-08-27 15:36:38,875  __main__  INFO  ============================================================
2026-08-27 15:36:38,875  __main__  INFO    ESTUDO COMPARATIVO DE PORTFÓLIOS B3
2026-08-27 15:36:38,875  __main__  INFO    Universo: 81 ações do IBrX-50 (data/raw_b3_ibrx50/), universo dinâmico point-in-time
2026-08-27 15:36:38,875  __main__  INFO  ============================================================
2026-08-27 15:36:38,876  __main__  INFO  Carregando universo de ações (Economatica): /mnt/data/opt/package/data/raw_b3_ibrx50
2026-08-27 15:36:51,229  __main__  INFO    81 ativos carregados. Correções de split aplicadas: 119 eventos em 53 tickers. Candidatos não confirmados (não corrigidos): 9.
2026-08-27 15:36:51,238  __main__  INFO    Retornos: (5387, 81)  (2004-11-19 → 2026-08-17)
2026-08-27 15:36:51,239  __main__  INFO    Cobertura média por ativo: 66.2% (esperado <100%: universo não-balanceado por desenho)
2026-08-27 15:36:51,575  __main__  INFO    Selic: 10.9134% a.a. (média da taxa anualizada, 2004-11-19 a 2026-08-17, 5387 obs) [fonte: /mnt/data/opt/package/data/raw/Selic_252d.xlsx]
2026-08-27 15:36:52,049  backtest_rolling  INFO  
RollingBacktestRunner — 1 estratégias  T=5387  d=81  window=252  rebal=21
2026-08-27 15:36:52,050  backtest_rolling  INFO  
── Executando backtest: Equal Weight ──
2026-08-27 15:36:52,050  backtest_rolling  INFO  WalkForward [Equal Weight]  T=5387  window=rolling  est_window=252  rebal_freq=21  n_rebal=245
2026-08-27 15:36:54,118  backtest_rolling  INFO  VaR Backtest [Equal Weight 95%] 95%: violations=232/3980 (5.83%) | Kupiec p=0.019 | CC p=0.000 | adequate=✗
2026-08-27 15:36:54,122  backtest_rolling  INFO  VaR Backtest [Equal Weight 99%] 99%: violations=81/3980 (2.04%) | Kupiec p=0.000 | CC p=0.000 | adequate=✗
2026-08-27 15:36:54,129  backtest_rolling  INFO  
Backtests concluídos: ['ew']
2026-08-27 15:36:54,129  __main__  INFO    Benchmark (Equal Weight portfolio): 5135 obs
2026-08-27 15:36:54,132  __main__  INFO  
============================================================
2026-08-27 15:36:54,132  __main__  INFO    BACKTEST ROLLING — ESTRATÉGIAS RISK-BASED
2026-08-27 15:36:54,132  __main__  INFO  ============================================================
2026-08-27 15:36:54,132  __main__  INFO    Estratégias   : ['ew', 'mv', 'rp', 'md', 'mde']
2026-08-27 15:36:54,132  __main__  INFO    Janela estim. : 252 dias
2026-08-27 15:36:54,132  __main__  INFO    Rebalanceamento: 21 dias
2026-08-27 15:36:54,132  __main__  INFO    Tipo janela   : rolling
2026-08-27 15:36:54,132  __main__  INFO    Max weight    : 35%
2026-08-27 15:36:54,132  __main__  INFO    Cov estimator : ledoit_wolf
2026-08-27 15:36:54,132  __main__  INFO    Risk fn       : historical
2026-08-27 15:36:54,132  __main__  INFO  ============================================================
2026-08-27 15:36:54,132  backtest_rolling  INFO  
RollingBacktestRunner — 5 estratégias  T=5387  d=81  window=252  rebal=21
2026-08-27 15:36:54,133  backtest_rolling  INFO  
── Executando backtest: Equal Weight ──
2026-08-27 15:36:54,133  backtest_rolling  INFO  WalkForward [Equal Weight]  T=5387  window=rolling  est_window=252  rebal_freq=21  n_rebal=245
2026-08-27 15:36:54,134  backtest_rolling  INFO  
── Executando backtest: Minimum Variance ──
2026-08-27 15:36:54,134  backtest_rolling  INFO  WalkForward [Minimum Variance]  T=5387  window=rolling  est_window=252  rebal_freq=21  n_rebal=245
2026-08-27 15:36:55,184  risk_based_portfolios  INFO  MV: vol=0.1647  DR=1.873  converged=True
2026-08-27 15:36:55,402  risk_based_portfolios  INFO  MV: vol=0.1696  DR=1.853  converged=True
2026-08-27 15:36:55,626  risk_based_portfolios  INFO  MV: vol=0.1775  DR=1.784  converged=True
2026-08-27 15:36:55,856  risk_based_portfolios  INFO  MV: vol=0.1728  DR=1.831  converged=True
2026-08-27 15:36:56,156  risk_based_portfolios  INFO  MV: vol=0.1697  DR=1.877  converged=True
2026-08-27 15:36:56,381  risk_based_portfolios  INFO  MV: vol=0.1629  DR=1.921  converged=True
2026-08-27 15:36:56,619  risk_based_portfolios  INFO  MV: vol=0.1700  DR=1.903  converged=True
2026-08-27 15:36:57,048  risk_based_portfolios  INFO  MV: vol=0.1840  DR=1.836  converged=True
2026-08-27 15:36:57,451  risk_based_portfolios  INFO  MV: vol=0.1917  DR=1.766  converged=True
2026-08-27 15:36:57,949  risk_based_portfolios  INFO  MV: vol=0.1914  DR=1.770  converged=True
2026-08-27 15:36:58,454  risk_based_portfolios  INFO  MV: vol=0.1932  DR=1.754  converged=True
2026-08-27 15:36:58,984  risk_based_portfolios  INFO  MV: vol=0.1868  DR=1.765  converged=True
2026-08-27 15:36:59,557  risk_based_portfolios  INFO  MV: vol=0.1843  DR=1.760  converged=True
2026-08-27 15:37:00,053  risk_based_portfolios  INFO  MV: vol=0.1807  DR=1.767  converged=True
2026-08-27 15:37:00,647  risk_based_portfolios  INFO  MV: vol=0.1789  DR=1.754  converged=True
2026-08-27 15:37:01,101  risk_based_portfolios  INFO  MV: vol=0.1793  DR=1.739  converged=True
2026-08-27 15:37:01,602  risk_based_portfolios  INFO  MV: vol=0.1812  DR=1.720  converged=True
2026-08-27 15:37:02,249  risk_based_portfolios  INFO  MV: vol=0.1790  DR=1.708  converged=True
2026-08-27 15:37:03,065  risk_based_portfolios  INFO  MV: vol=0.1701  DR=1.714  converged=True
2026-08-27 15:37:03,856  risk_based_portfolios  INFO  MV: vol=0.1524  DR=1.790  converged=True
2026-08-27 15:37:04,483  risk_based_portfolios  INFO  MV: vol=0.1497  DR=1.854  converged=True
2026-08-27 15:37:04,570  backtest_rolling  INFO  VaR Backtest [Equal Weight 95%] 95%: violations=232/3980 (5.83%) | Kupiec p=0.019 | CC p=0.000 | adequate=✗
2026-08-27 15:37:04,586  backtest_rolling  INFO  VaR Backtest [Equal Weight 99%] 99%: violations=81/3980 (2.04%) | Kupiec p=0.000 | CC p=0.000 | adequate=✗
2026-08-27 15:37:04,654  backtest_rolling  INFO  
── Executando backtest: Risk Parity ──
2026-08-27 15:37:04,663  backtest_rolling  INFO  WalkForward [Risk Parity]  T=5387  window=rolling  est_window=252  rebal_freq=21  n_rebal=245
2026-08-27 15:37:04,962  risk_based_portfolios  INFO  RP: vol=0.2093  DR=1.712  converged=True
2026-08-27 15:37:05,245  risk_based_portfolios  INFO  RP: vol=0.2100  DR=1.700  converged=True
2026-08-27 15:37:05,487  risk_based_portfolios  INFO  RP: vol=0.2180  DR=1.662  converged=True
2026-08-27 15:37:05,600  risk_based_portfolios  INFO  MV: vol=0.1748  DR=1.739  converged=True
2026-08-27 15:37:05,785  risk_based_portfolios  INFO  RP: vol=0.2151  DR=1.680  converged=True
2026-08-27 15:37:06,168  risk_based_portfolios  INFO  RP: vol=0.2111  DR=1.699  converged=True
2026-08-27 15:37:06,546  risk_based_portfolios  INFO  RP: vol=0.2040  DR=1.727  converged=True
2026-08-27 15:37:06,779  risk_based_portfolios  INFO  MV: vol=0.1755  DR=1.761  converged=True
2026-08-27 15:37:06,791  risk_based_portfolios  INFO  RP: vol=0.2092  DR=1.713  converged=True
2026-08-27 15:37:07,151  risk_based_portfolios  INFO  RP: vol=0.2250  DR=1.668  converged=True
2026-08-27 15:37:07,379  risk_based_portfolios  INFO  RP: vol=0.2351  DR=1.613  converged=True
2026-08-27 15:37:07,585  risk_based_portfolios  INFO  MV: vol=0.1795  DR=1.744  converged=True
2026-08-27 15:37:07,602  risk_based_portfolios  INFO  RP: vol=0.2358  DR=1.624  converged=True
2026-08-27 15:37:07,807  risk_based_portfolios  INFO  RP: vol=0.2367  DR=1.615  converged=True
2026-08-27 15:37:08,047  risk_based_portfolios  INFO  RP: vol=0.2276  DR=1.636  converged=True
2026-08-27 15:37:08,303  risk_based_portfolios  INFO  RP: vol=0.2276  DR=1.647  converged=True
2026-08-27 15:37:08,648  risk_based_portfolios  INFO  MV: vol=0.1895  DR=1.712  converged=True
2026-08-27 15:37:08,667  risk_based_portfolios  INFO  RP: vol=0.2260  DR=1.645  converged=True
2026-08-27 15:37:08,944  risk_based_portfolios  INFO  RP: vol=0.2244  DR=1.643  converged=True
2026-08-27 15:37:09,206  risk_based_portfolios  INFO  RP: vol=0.2303  DR=1.600  converged=True
2026-08-27 15:37:09,473  risk_based_portfolios  INFO  MV: vol=0.1979  DR=1.688  converged=True
2026-08-27 15:37:09,572  risk_based_portfolios  INFO  RP: vol=0.2323  DR=1.580  converged=True
2026-08-27 15:37:09,871  risk_based_portfolios  INFO  RP: vol=0.2289  DR=1.583  converged=True
2026-08-27 15:37:10,192  risk_based_portfolios  INFO  RP: vol=0.2167  DR=1.606  converged=True
2026-08-27 15:37:10,282  risk_based_portfolios  INFO  MV: vol=0.2111  DR=1.656  converged=True
2026-08-27 15:37:10,492  risk_based_portfolios  INFO  RP: vol=0.1964  DR=1.674  converged=True
2026-08-27 15:37:10,960  risk_based_portfolios  INFO  RP: vol=0.1901  DR=1.712  converged=True
2026-08-27 15:37:11,251  risk_based_portfolios  INFO  RP: vol=0.2120  DR=1.633  converged=True
2026-08-27 15:37:11,283  risk_based_portfolios  INFO  MV: vol=0.2074  DR=1.687  converged=True
2026-08-27 15:37:11,461  risk_based_portfolios  INFO  RP: vol=0.2159  DR=1.623  converged=True
2026-08-27 15:37:11,697  risk_based_portfolios  INFO  RP: vol=0.2215  DR=1.605  converged=True
