2026-08-27 15:37:23,617  __main__  INFO  ============================================================
2026-08-27 15:37:23,617  __main__  INFO    ESTUDO COMPARATIVO DE PORTFÓLIOS B3
2026-08-27 15:37:23,617  __main__  INFO    Universo: 81 ações do IBrX-50 (data/raw_b3_ibrx50/), universo dinâmico point-in-time
2026-08-27 15:37:23,617  __main__  INFO  ============================================================
2026-08-27 15:37:23,618  __main__  INFO  Carregando universo de ações (Economatica): /mnt/data/opt/package/data/raw_b3_ibrx50
2026-08-27 15:37:36,029  __main__  INFO    81 ativos carregados. Correções de split aplicadas: 119 eventos em 53 tickers. Candidatos não confirmados (não corrigidos): 9.
2026-08-27 15:37:36,038  __main__  INFO    Retornos: (5387, 81)  (2004-11-19 → 2026-08-17)
2026-08-27 15:37:36,039  __main__  INFO    Cobertura média por ativo: 66.2% (esperado <100%: universo não-balanceado por desenho)
2026-08-27 15:37:36,410  __main__  INFO    Selic: 10.9134% a.a. (média da taxa anualizada, 2004-11-19 a 2026-08-17, 5387 obs) [fonte: /mnt/data/opt/package/data/raw/Selic_252d.xlsx]
2026-08-27 15:37:36,862  backtest_rolling  INFO  
RollingBacktestRunner — 1 estratégias  T=5387  d=81  window=252  rebal=21
2026-08-27 15:37:36,862  backtest_rolling  INFO  
── Executando backtest: Equal Weight ──
2026-08-27 15:37:36,862  backtest_rolling  INFO  WalkForward [Equal Weight]  T=5387  window=rolling  est_window=252  rebal_freq=21  n_rebal=245
2026-08-27 15:37:37,371  backtest_rolling  INFO  VaR Backtest [Equal Weight 95%] 95%: violations=232/3980 (5.83%) | Kupiec p=0.019 | CC p=0.000 | adequate=✗
2026-08-27 15:37:37,373  backtest_rolling  INFO  VaR Backtest [Equal Weight 99%] 99%: violations=81/3980 (2.04%) | Kupiec p=0.000 | CC p=0.000 | adequate=✗
2026-08-27 15:37:37,379  backtest_rolling  INFO  
Backtests concluídos: ['ew']
2026-08-27 15:37:37,379  __main__  INFO    Benchmark (Equal Weight portfolio): 5135 obs
2026-08-27 15:37:37,383  __main__  INFO  
============================================================
2026-08-27 15:37:37,383  __main__  INFO    BACKTEST ROLLING — ESTRATÉGIAS RISK-BASED
2026-08-27 15:37:37,383  __main__  INFO  ============================================================
2026-08-27 15:37:37,383  __main__  INFO    Estratégias   : ['ew', 'mv', 'rp', 'md', 'mde']
2026-08-27 15:37:37,383  __main__  INFO    Janela estim. : 252 dias
2026-08-27 15:37:37,383  __main__  INFO    Rebalanceamento: 21 dias
2026-08-27 15:37:37,383  __main__  INFO    Tipo janela   : rolling
2026-08-27 15:37:37,383  __main__  INFO    Max weight    : 35%
2026-08-27 15:37:37,383  __main__  INFO    Cov estimator : ledoit_wolf
2026-08-27 15:37:37,383  __main__  INFO    Risk fn       : historical
2026-08-27 15:37:37,383  __main__  INFO  ============================================================
2026-08-27 15:37:37,383  backtest_rolling  INFO  
RollingBacktestRunner — 5 estratégias  T=5387  d=81  window=252  rebal=21
2026-08-27 15:37:37,384  backtest_rolling  INFO  
── Executando backtest: Equal Weight ──
2026-08-27 15:37:37,384  backtest_rolling  INFO  WalkForward [Equal Weight]  T=5387  window=rolling  est_window=252  rebal_freq=21  n_rebal=245
2026-08-27 15:37:37,384  backtest_rolling  INFO  
── Executando backtest: Minimum Variance ──
2026-08-27 15:37:37,384  backtest_rolling  INFO  WalkForward [Minimum Variance]  T=5387  window=rolling  est_window=252  rebal_freq=21  n_rebal=245
2026-08-27 15:37:38,450  risk_based_portfolios  INFO  MV: vol=0.1647  DR=1.873  converged=True
2026-08-27 15:37:38,451  backtest_rolling  INFO  VaR Backtest [Equal Weight 95%] 95%: violations=232/3980 (5.83%) | Kupiec p=0.019 | CC p=0.000 | adequate=✗
2026-08-27 15:37:38,575  backtest_rolling  INFO  VaR Backtest [Equal Weight 99%] 99%: violations=81/3980 (2.04%) | Kupiec p=0.000 | CC p=0.000 | adequate=✗
2026-08-27 15:37:38,683  risk_based_portfolios  INFO  MV: vol=0.1696  DR=1.853  converged=True
2026-08-27 15:37:38,835  backtest_rolling  INFO  
── Executando backtest: Risk Parity ──
2026-08-27 15:37:38,840  backtest_rolling  INFO  WalkForward [Risk Parity]  T=5387  window=rolling  est_window=252  rebal_freq=21  n_rebal=245
2026-08-27 15:37:38,878  risk_based_portfolios  INFO  MV: vol=0.1775  DR=1.784  converged=True
2026-08-27 15:37:39,009  risk_based_portfolios  INFO  RP: vol=0.2093  DR=1.712  converged=True
2026-08-27 15:37:39,181  risk_based_portfolios  INFO  RP: vol=0.2100  DR=1.700  converged=True
2026-08-27 15:37:39,197  risk_based_portfolios  INFO  MV: vol=0.1728  DR=1.831  converged=True
2026-08-27 15:37:39,317  risk_based_portfolios  INFO  RP: vol=0.2180  DR=1.662  converged=True
2026-08-27 15:37:39,484  risk_based_portfolios  INFO  RP: vol=0.2151  DR=1.680  converged=True
2026-08-27 15:37:39,646  risk_based_portfolios  INFO  MV: vol=0.1697  DR=1.877  converged=True
2026-08-27 15:37:39,649  risk_based_portfolios  INFO  RP: vol=0.2111  DR=1.699  converged=True
2026-08-27 15:37:39,830  risk_based_portfolios  INFO  RP: vol=0.2040  DR=1.727  converged=True
2026-08-27 15:37:40,046  risk_based_portfolios  INFO  RP: vol=0.2092  DR=1.713  converged=True
2026-08-27 15:37:40,125  risk_based_portfolios  INFO  MV: vol=0.1629  DR=1.921  converged=True
2026-08-27 15:37:40,371  risk_based_portfolios  INFO  RP: vol=0.2250  DR=1.668  converged=True
2026-08-27 15:37:40,547  risk_based_portfolios  INFO  RP: vol=0.2351  DR=1.613  converged=True
2026-08-27 15:37:40,780  risk_based_portfolios  INFO  RP: vol=0.2358  DR=1.624  converged=True
2026-08-27 15:37:40,780  risk_based_portfolios  INFO  MV: vol=0.1700  DR=1.903  converged=True
2026-08-27 15:37:40,993  risk_based_portfolios  INFO  RP: vol=0.2367  DR=1.615  converged=True
2026-08-27 15:37:41,256  risk_based_portfolios  INFO  RP: vol=0.2276  DR=1.636  converged=True
2026-08-27 15:37:41,362  risk_based_portfolios  INFO  MV: vol=0.1840  DR=1.836  converged=True
2026-08-27 15:37:41,479  risk_based_portfolios  INFO  RP: vol=0.2276  DR=1.647  converged=True
2026-08-27 15:37:41,698  risk_based_portfolios  INFO  RP: vol=0.2260  DR=1.645  converged=True
2026-08-27 15:37:41,990  risk_based_portfolios  INFO  MV: vol=0.1917  DR=1.766  converged=True
2026-08-27 15:37:41,998  risk_based_portfolios  INFO  RP: vol=0.2244  DR=1.643  converged=True
2026-08-27 15:37:42,379  risk_based_portfolios  INFO  RP: vol=0.2303  DR=1.600  converged=True
2026-08-27 15:37:42,680  risk_based_portfolios  INFO  RP: vol=0.2323  DR=1.580  converged=True
2026-08-27 15:37:42,845  risk_based_portfolios  INFO  MV: vol=0.1914  DR=1.770  converged=True
2026-08-27 15:37:42,978  risk_based_portfolios  INFO  RP: vol=0.2289  DR=1.583  converged=True
2026-08-27 15:37:43,288  risk_based_portfolios  INFO  RP: vol=0.2167  DR=1.606  converged=True
2026-08-27 15:37:43,470  risk_based_portfolios  INFO  MV: vol=0.1932  DR=1.754  converged=True
2026-08-27 15:37:43,570  risk_based_portfolios  INFO  RP: vol=0.1964  DR=1.674  converged=True
2026-08-27 15:37:43,952  risk_based_portfolios  INFO  RP: vol=0.1901  DR=1.712  converged=True
2026-08-27 15:37:44,164  risk_based_portfolios  INFO  RP: vol=0.2120  DR=1.633  converged=True
2026-08-27 15:37:44,273  risk_based_portfolios  INFO  MV: vol=0.1868  DR=1.765  converged=True
2026-08-27 15:37:44,489  risk_based_portfolios  INFO  RP: vol=0.2159  DR=1.623  converged=True
2026-08-27 15:37:44,891  risk_based_portfolios  INFO  RP: vol=0.2215  DR=1.605  converged=True
2026-08-27 15:37:45,151  risk_based_portfolios  INFO  MV: vol=0.1843  DR=1.760  converged=True
2026-08-27 15:37:45,177  risk_based_portfolios  INFO  RP: vol=0.2350  DR=1.579  converged=True
2026-08-27 15:37:45,469  risk_based_portfolios  INFO  RP: vol=0.2451  DR=1.567  converged=True
2026-08-27 15:37:45,686  risk_based_portfolios  INFO  RP: vol=0.2668  DR=1.533  converged=True
2026-08-27 15:37:45,859  risk_based_portfolios  INFO  MV: vol=0.1807  DR=1.767  converged=True
2026-08-27 15:37:46,072  risk_based_portfolios  INFO  RP: vol=0.2594  DR=1.563  converged=True
2026-08-27 15:37:46,464  risk_based_portfolios  INFO  RP: vol=0.2650  DR=1.577  converged=True
2026-08-27 15:37:46,677  risk_based_portfolios  INFO  MV: vol=0.1789  DR=1.754  converged=True
2026-08-27 15:37:46,760  risk_based_portfolios  INFO  RP: vol=0.2714  DR=1.597  converged=True
2026-08-27 15:37:47,068  risk_based_portfolios  INFO  RP: vol=0.2649  DR=1.657  converged=True
2026-08-27 15:37:47,352  risk_based_portfolios  INFO  MV: vol=0.1793  DR=1.739  converged=True
2026-08-27 15:37:47,372  risk_based_portfolios  INFO  RP: vol=0.2735  DR=1.693  converged=True
2026-08-27 15:37:47,662  risk_based_portfolios  INFO  RP: vol=0.2691  DR=1.714  converged=True
2026-08-27 15:37:47,888  risk_based_portfolios  INFO  MV: vol=0.1812  DR=1.720  converged=True
2026-08-27 15:37:47,908  risk_based_portfolios  INFO  RP: vol=0.2647  DR=1.714  converged=True
2026-08-27 15:37:48,191  risk_based_portfolios  INFO  RP: vol=0.3577  DR=1.523  converged=True
2026-08-27 15:37:48,477  risk_based_portfolios  INFO  MV: vol=0.1790  DR=1.708  converged=True
2026-08-27 15:37:48,489  risk_based_portfolios  INFO  RP: vol=0.4339  DR=1.439  converged=True
2026-08-27 15:37:48,961  risk_based_portfolios  INFO  RP: vol=0.4407  DR=1.454  converged=True
2026-08-27 15:37:49,275  risk_based_portfolios  INFO  RP: vol=0.4489  DR=1.446  converged=True
2026-08-27 15:37:49,409  risk_based_portfolios  INFO  MV: vol=0.1701  DR=1.714  converged=True
2026-08-27 15:37:49,650  risk_based_portfolios  INFO  RP: vol=0.4403  DR=1.454  converged=True
2026-08-27 15:37:50,004  risk_based_portfolios  INFO  RP: vol=0.4425  DR=1.455  converged=True
2026-08-27 15:37:50,287  risk_based_portfolios  INFO  MV: vol=0.1524  DR=1.790  converged=True
2026-08-27 15:37:50,372  risk_based_portfolios  INFO  RP: vol=0.4348  DR=1.483  converged=True
2026-08-27 15:37:50,757  risk_based_portfolios  INFO  RP: vol=0.4397  DR=1.475  converged=True
2026-08-27 15:37:51,068  risk_based_portfolios  INFO  MV: vol=0.1497  DR=1.854  converged=True
2026-08-27 15:37:51,092  risk_based_portfolios  INFO  RP: vol=0.4407  DR=1.475  converged=True
2026-08-27 15:37:51,452  risk_based_portfolios  INFO  RP: vol=0.4373  DR=1.472  converged=True
2026-08-27 15:37:51,762  risk_based_portfolios  INFO  RP: vol=0.4356  DR=1.474  converged=True
2026-08-27 15:37:51,898  risk_based_portfolios  INFO  MV: vol=0.1748  DR=1.739  converged=True
2026-08-27 15:37:52,157  risk_based_portfolios  INFO  RP: vol=0.4275  DR=1.482  converged=True
2026-08-27 15:37:52,564  risk_based_portfolios  INFO  RP: vol=0.3478  DR=1.598  converged=True
2026-08-27 15:37:52,864  risk_based_portfolios  INFO  MV: vol=0.1755  DR=1.761  converged=True
2026-08-27 15:37:52,955  risk_based_portfolios  INFO  RP: vol=0.2605  DR=1.789  converged=True
2026-08-27 15:37:53,347  risk_based_portfolios  INFO  RP: vol=0.2422  DR=1.781  converged=True
2026-08-27 15:37:53,759  risk_based_portfolios  INFO  MV: vol=0.1795  DR=1.744  converged=True
2026-08-27 15:37:53,801  risk_based_portfolios  INFO  RP: vol=0.2281  DR=1.820  converged=True
2026-08-27 15:37:54,180  risk_based_portfolios  INFO  RP: vol=0.2234  DR=1.839  converged=True
2026-08-27 15:37:54,548  risk_based_portfolios  INFO  RP: vol=0.2076  DR=1.897  converged=True
2026-08-27 15:37:54,759  risk_based_portfolios  INFO  MV: vol=0.1895  DR=1.712  converged=True
2026-08-27 15:37:54,888  risk_based_portfolios  INFO  RP: vol=0.1942  DR=1.922  converged=True
2026-08-27 15:37:55,201  risk_based_portfolios  INFO  RP: vol=0.1906  DR=1.855  converged=True
2026-08-27 15:37:55,563  risk_based_portfolios  INFO  RP: vol=0.1837  DR=1.863  converged=True
2026-08-27 15:37:55,703  risk_based_portfolios  INFO  MV: vol=0.1979  DR=1.688  converged=True
2026-08-27 15:37:55,859  risk_based_portfolios  INFO  RP: vol=0.1802  DR=1.876  converged=True
2026-08-27 15:37:56,149  risk_based_portfolios  INFO  RP: vol=0.1773  DR=1.872  converged=True
2026-08-27 15:37:56,396  risk_based_portfolios  INFO  MV: vol=0.2111  DR=1.656  converged=True
2026-08-27 15:37:56,401  risk_based_portfolios  INFO  RP: vol=0.1772  DR=1.869  converged=True
2026-08-27 15:37:56,698  risk_based_portfolios  INFO  RP: vol=0.1734  DR=1.901  converged=True
