2026-08-27 15:38:54,316  __main__  INFO  ============================================================
2026-08-27 15:38:54,316  __main__  INFO    ESTUDO COMPARATIVO DE PORTFÓLIOS B3
2026-08-27 15:38:54,316  __main__  INFO    Universo: 81 ações do IBrX-50 (data/raw_b3_ibrx50/), universo dinâmico point-in-time
2026-08-27 15:38:54,316  __main__  INFO  ============================================================
2026-08-27 15:38:54,317  __main__  INFO  Carregando universo de ações (Economatica): /mnt/data/opt/package/data/raw_b3_ibrx50
2026-08-27 15:39:07,998  __main__  INFO    81 ativos carregados. Correções de split aplicadas: 119 eventos em 53 tickers. Candidatos não confirmados (não corrigidos): 9.
2026-08-27 15:39:08,007  __main__  INFO    Retornos: (5387, 81)  (2004-11-19 → 2026-08-17)
2026-08-27 15:39:08,008  __main__  INFO    Cobertura média por ativo: 66.2% (esperado <100%: universo não-balanceado por desenho)
2026-08-27 15:39:08,358  __main__  INFO    Selic: 10.9134% a.a. (média da taxa anualizada, 2004-11-19 a 2026-08-17, 5387 obs) [fonte: /mnt/data/opt/package/data/raw/Selic_252d.xlsx]
2026-08-27 15:39:08,862  backtest_rolling  INFO  
RollingBacktestRunner — 1 estratégias  T=5387  d=81  window=252  rebal=21
2026-08-27 15:39:08,862  backtest_rolling  INFO  
── Executando backtest: Equal Weight ──
2026-08-27 15:39:08,862  backtest_rolling  INFO  WalkForward [Equal Weight]  T=5387  window=rolling  est_window=252  rebal_freq=21  n_rebal=245
2026-08-27 15:39:09,494  backtest_rolling  INFO  VaR Backtest [Equal Weight 95%] 95%: violations=232/3980 (5.83%) | Kupiec p=0.019 | CC p=0.000 | adequate=✗
2026-08-27 15:39:09,498  backtest_rolling  INFO  VaR Backtest [Equal Weight 99%] 99%: violations=81/3980 (2.04%) | Kupiec p=0.000 | CC p=0.000 | adequate=✗
2026-08-27 15:39:09,505  backtest_rolling  INFO  
Backtests concluídos: ['ew']
2026-08-27 15:39:09,506  __main__  INFO    Benchmark (Equal Weight portfolio): 5135 obs
2026-08-27 15:39:09,508  __main__  INFO  
============================================================
2026-08-27 15:39:09,508  __main__  INFO    BACKTEST ROLLING — ESTRATÉGIAS RISK-BASED
2026-08-27 15:39:09,508  __main__  INFO  ============================================================
2026-08-27 15:39:09,508  __main__  INFO    Estratégias   : ['ew', 'mv', 'rp', 'md', 'mde']
2026-08-27 15:39:09,508  __main__  INFO    Janela estim. : 252 dias
2026-08-27 15:39:09,508  __main__  INFO    Rebalanceamento: 21 dias
2026-08-27 15:39:09,508  __main__  INFO    Tipo janela   : rolling
2026-08-27 15:39:09,508  __main__  INFO    Max weight    : 35%
2026-08-27 15:39:09,508  __main__  INFO    Cov estimator : ledoit_wolf
2026-08-27 15:39:09,508  __main__  INFO    Risk fn       : historical
2026-08-27 15:39:09,508  __main__  INFO  ============================================================
2026-08-27 15:39:09,508  backtest_rolling  INFO  
RollingBacktestRunner — 5 estratégias  T=5387  d=81  window=252  rebal=21
2026-08-27 15:39:09,509  backtest_rolling  INFO  
── Executando backtest: Equal Weight ──
2026-08-27 15:39:09,510  backtest_rolling  INFO  WalkForward [Equal Weight]  T=5387  window=rolling  est_window=252  rebal_freq=21  n_rebal=245
2026-08-27 15:39:09,510  backtest_rolling  INFO  
── Executando backtest: Minimum Variance ──
2026-08-27 15:39:09,515  backtest_rolling  INFO  WalkForward [Minimum Variance]  T=5387  window=rolling  est_window=252  rebal_freq=21  n_rebal=245
2026-08-27 15:39:10,361  backtest_rolling  INFO  VaR Backtest [Equal Weight 95%] 95%: violations=232/3980 (5.83%) | Kupiec p=0.019 | CC p=0.000 | adequate=✗
2026-08-27 15:39:10,367  backtest_rolling  INFO  VaR Backtest [Equal Weight 99%] 99%: violations=81/3980 (2.04%) | Kupiec p=0.000 | CC p=0.000 | adequate=✗
2026-08-27 15:39:10,387  backtest_rolling  INFO  
── Executando backtest: Risk Parity ──
2026-08-27 15:39:10,387  backtest_rolling  INFO  WalkForward [Risk Parity]  T=5387  window=rolling  est_window=252  rebal_freq=21  n_rebal=245
2026-08-27 15:39:10,694  risk_based_portfolios  INFO  RP: vol=0.2093  DR=1.712  converged=True
2026-08-27 15:39:10,756  risk_based_portfolios  INFO  MV: vol=0.1646  DR=1.871  converged=True
2026-08-27 15:39:10,815  risk_based_portfolios  INFO  RP: vol=0.2100  DR=1.700  converged=True
2026-08-27 15:39:11,083  risk_based_portfolios  INFO  RP: vol=0.2180  DR=1.662  converged=True
2026-08-27 15:39:11,091  risk_based_portfolios  INFO  MV: vol=0.1696  DR=1.854  converged=True
2026-08-27 15:39:11,306  risk_based_portfolios  INFO  RP: vol=0.2151  DR=1.680  converged=True
2026-08-27 15:39:11,332  risk_based_portfolios  INFO  MV: vol=0.1775  DR=1.782  converged=True
2026-08-27 15:39:11,580  risk_based_portfolios  INFO  RP: vol=0.2111  DR=1.699  converged=True
2026-08-27 15:39:11,631  risk_based_portfolios  INFO  MV: vol=0.1728  DR=1.834  converged=True
2026-08-27 15:39:11,843  risk_based_portfolios  INFO  RP: vol=0.2040  DR=1.727  converged=True
2026-08-27 15:39:11,928  risk_based_portfolios  INFO  MV: vol=0.1697  DR=1.878  converged=True
2026-08-27 15:39:12,054  risk_based_portfolios  INFO  RP: vol=0.2092  DR=1.713  converged=True
2026-08-27 15:39:12,358  risk_based_portfolios  INFO  MV: vol=0.1630  DR=1.921  converged=True
2026-08-27 15:39:12,360  risk_based_portfolios  INFO  RP: vol=0.2250  DR=1.668  converged=True
2026-08-27 15:39:12,598  risk_based_portfolios  INFO  RP: vol=0.2351  DR=1.613  converged=True
2026-08-27 15:39:12,880  risk_based_portfolios  INFO  MV: vol=0.1700  DR=1.902  converged=True
2026-08-27 15:39:12,887  risk_based_portfolios  INFO  RP: vol=0.2358  DR=1.624  converged=True
2026-08-27 15:39:13,299  risk_based_portfolios  INFO  RP: vol=0.2367  DR=1.615  converged=True
2026-08-27 15:39:13,482  risk_based_portfolios  INFO  MV: vol=0.1840  DR=1.834  converged=True
2026-08-27 15:39:13,574  risk_based_portfolios  INFO  RP: vol=0.2276  DR=1.636  converged=True
2026-08-27 15:39:13,879  risk_based_portfolios  INFO  RP: vol=0.2276  DR=1.647  converged=True
2026-08-27 15:39:13,994  risk_based_portfolios  INFO  MV: vol=0.1917  DR=1.766  converged=True
2026-08-27 15:39:14,273  risk_based_portfolios  INFO  RP: vol=0.2260  DR=1.645  converged=True
2026-08-27 15:39:14,559  risk_based_portfolios  INFO  MV: vol=0.1915  DR=1.770  converged=True
2026-08-27 15:39:14,654  risk_based_portfolios  INFO  RP: vol=0.2244  DR=1.643  converged=True
2026-08-27 15:39:15,070  risk_based_portfolios  INFO  RP: vol=0.2303  DR=1.600  converged=True
2026-08-27 15:39:15,085  risk_based_portfolios  INFO  MV: vol=0.1932  DR=1.753  converged=True
2026-08-27 15:39:15,565  risk_based_portfolios  INFO  MV: vol=0.1868  DR=1.766  converged=True
2026-08-27 15:39:15,569  risk_based_portfolios  INFO  RP: vol=0.2323  DR=1.580  converged=True
2026-08-27 15:39:15,976  risk_based_portfolios  INFO  RP: vol=0.2289  DR=1.583  converged=True
2026-08-27 15:39:16,107  risk_based_portfolios  INFO  MV: vol=0.1843  DR=1.759  converged=True
2026-08-27 15:39:16,451  risk_based_portfolios  INFO  RP: vol=0.2167  DR=1.606  converged=True
2026-08-27 15:39:16,661  risk_based_portfolios  INFO  MV: vol=0.1807  DR=1.767  converged=True
2026-08-27 15:39:16,777  risk_based_portfolios  INFO  RP: vol=0.1964  DR=1.674  converged=True
2026-08-27 15:39:17,243  risk_based_portfolios  INFO  RP: vol=0.1901  DR=1.712  converged=True
2026-08-27 15:39:17,270  risk_based_portfolios  INFO  MV: vol=0.1789  DR=1.754  converged=True
2026-08-27 15:39:17,388  risk_based_portfolios  INFO  RP: vol=0.2120  DR=1.633  converged=True
2026-08-27 15:39:17,847  risk_based_portfolios  INFO  MV: vol=0.1793  DR=1.737  converged=True
2026-08-27 15:39:17,849  risk_based_portfolios  INFO  RP: vol=0.2159  DR=1.623  converged=True
2026-08-27 15:39:18,290  risk_based_portfolios  INFO  RP: vol=0.2215  DR=1.605  converged=True
2026-08-27 15:39:18,302  risk_based_portfolios  INFO  MV: vol=0.1812  DR=1.721  converged=True
2026-08-27 15:39:18,755  risk_based_portfolios  INFO  RP: vol=0.2350  DR=1.579  converged=True
2026-08-27 15:39:18,797  risk_based_portfolios  INFO  MV: vol=0.1790  DR=1.707  converged=True
2026-08-27 15:39:18,995  risk_based_portfolios  INFO  RP: vol=0.2451  DR=1.567  converged=True
2026-08-27 15:39:19,643  risk_based_portfolios  INFO  RP: vol=0.2668  DR=1.533  converged=True
2026-08-27 15:39:19,787  risk_based_portfolios  INFO  MV: vol=0.1701  DR=1.715  converged=True
2026-08-27 15:39:20,067  risk_based_portfolios  INFO  RP: vol=0.2594  DR=1.563  converged=True
2026-08-27 15:39:20,671  risk_based_portfolios  INFO  RP: vol=0.2650  DR=1.577  converged=True
2026-08-27 15:39:20,972  risk_based_portfolios  INFO  RP: vol=0.2714  DR=1.597  converged=True
2026-08-27 15:39:20,975  risk_based_portfolios  INFO  MV: vol=0.1524  DR=1.790  converged=True
2026-08-27 15:39:21,156  risk_based_portfolios  INFO  RP: vol=0.2649  DR=1.657  converged=True
2026-08-27 15:39:21,751  risk_based_portfolios  INFO  RP: vol=0.2735  DR=1.693  converged=True
2026-08-27 15:39:21,943  risk_based_portfolios  INFO  MV: vol=0.1496  DR=1.853  converged=True
2026-08-27 15:39:22,507  risk_based_portfolios  INFO  RP: vol=0.2691  DR=1.714  converged=True
2026-08-27 15:39:22,895  risk_based_portfolios  INFO  MV: vol=0.1748  DR=1.739  converged=True
2026-08-27 15:39:22,979  risk_based_portfolios  INFO  RP: vol=0.2647  DR=1.714  converged=True
2026-08-27 15:39:23,659  risk_based_portfolios  INFO  RP: vol=0.3577  DR=1.523  converged=True
2026-08-27 15:39:24,107  risk_based_portfolios  INFO  MV: vol=0.1755  DR=1.761  converged=True
2026-08-27 15:39:24,178  risk_based_portfolios  INFO  RP: vol=0.4339  DR=1.439  converged=True
2026-08-27 15:39:24,849  risk_based_portfolios  INFO  RP: vol=0.4407  DR=1.454  converged=True
2026-08-27 15:39:25,043  risk_based_portfolios  INFO  MV: vol=0.1795  DR=1.744  converged=True
2026-08-27 15:39:25,443  risk_based_portfolios  INFO  RP: vol=0.4489  DR=1.446  converged=True
2026-08-27 15:39:25,895  risk_based_portfolios  INFO  RP: vol=0.4403  DR=1.454  converged=True
2026-08-27 15:39:26,143  risk_based_portfolios  INFO  MV: vol=0.1895  DR=1.714  converged=True
2026-08-27 15:39:26,259  risk_based_portfolios  INFO  RP: vol=0.4425  DR=1.455  converged=True
2026-08-27 15:39:26,764  risk_based_portfolios  INFO  RP: vol=0.4348  DR=1.483  converged=True
2026-08-27 15:39:27,003  risk_based_portfolios  INFO  MV: vol=0.1979  DR=1.689  converged=True
2026-08-27 15:39:27,183  risk_based_portfolios  INFO  RP: vol=0.4397  DR=1.475  converged=True
