2026-08-27 15:50:30,338  __main__  INFO  ============================================================
2026-08-27 15:50:30,338  __main__  INFO    ESTUDO COMPARATIVO DE PORTFÓLIOS B3
2026-08-27 15:50:30,338  __main__  INFO    Universo: 81 ações do IBrX-50 (data/raw_b3_ibrx50/), universo dinâmico point-in-time
2026-08-27 15:50:30,338  __main__  INFO  ============================================================
2026-08-27 15:50:30,338  __main__  INFO  Carregando universo de ações (Economatica): /mnt/data/opt/package/data/raw_b3_ibrx50
2026-08-27 15:50:45,840  __main__  INFO    81 ativos carregados. Correções de split aplicadas: 119 eventos em 53 tickers. Candidatos não confirmados (não corrigidos): 9.
2026-08-27 15:50:45,852  __main__  INFO    Retornos: (5387, 81)  (2004-11-19 → 2026-08-17)
2026-08-27 15:50:45,853  __main__  INFO    Cobertura média por ativo: 66.2% (esperado <100%: universo não-balanceado por desenho)
2026-08-27 15:50:46,179  __main__  INFO    Selic: 10.9134% a.a. (média da taxa anualizada, 2004-11-19 a 2026-08-17, 5387 obs) [fonte: /mnt/data/opt/package/data/raw/Selic_252d.xlsx]
2026-08-27 15:50:46,623  backtest_rolling  INFO  
RollingBacktestRunner — 1 estratégias  T=5387  d=81  window=252  rebal=21
2026-08-27 15:50:46,624  backtest_rolling  INFO  
── Executando backtest: Equal Weight ──
2026-08-27 15:50:46,624  backtest_rolling  INFO  WalkForward [Equal Weight]  T=5387  window=rolling  est_window=252  rebal_freq=21  n_rebal=245
2026-08-27 15:50:47,157  backtest_rolling  INFO  VaR Backtest [Equal Weight 95%] 95%: violations=232/3980 (5.83%) | Kupiec p=0.019 | CC p=0.000 | adequate=✗
2026-08-27 15:50:47,160  backtest_rolling  INFO  VaR Backtest [Equal Weight 99%] 99%: violations=81/3980 (2.04%) | Kupiec p=0.000 | CC p=0.000 | adequate=✗
2026-08-27 15:50:47,166  backtest_rolling  INFO  
Backtests concluídos: ['ew']
2026-08-27 15:50:47,166  __main__  INFO    Benchmark (Equal Weight portfolio): 5135 obs
2026-08-27 15:50:47,169  __main__  INFO  
============================================================
2026-08-27 15:50:47,169  __main__  INFO    BACKTEST ROLLING — ESTRATÉGIAS RISK-BASED
2026-08-27 15:50:47,169  __main__  INFO  ============================================================
2026-08-27 15:50:47,169  __main__  INFO    Estratégias   : ['ew', 'mv', 'rp', 'md', 'mde']
2026-08-27 15:50:47,169  __main__  INFO    Janela estim. : 252 dias
2026-08-27 15:50:47,169  __main__  INFO    Rebalanceamento: 21 dias
2026-08-27 15:50:47,169  __main__  INFO    Tipo janela   : rolling
2026-08-27 15:50:47,169  __main__  INFO    Max weight    : 35%
2026-08-27 15:50:47,169  __main__  INFO    Cov estimator : ledoit_wolf
2026-08-27 15:50:47,169  __main__  INFO    Risk fn       : historical
2026-08-27 15:50:47,169  __main__  INFO  ============================================================
2026-08-27 15:50:47,169  backtest_rolling  INFO  
RollingBacktestRunner — 5 estratégias  T=5387  d=81  window=252  rebal=21
2026-08-27 15:50:47,170  backtest_rolling  INFO  
── Executando backtest: Equal Weight ──
2026-08-27 15:50:47,170  backtest_rolling  INFO  WalkForward [Equal Weight]  T=5387  window=rolling  est_window=252  rebal_freq=21  n_rebal=245
2026-08-27 15:50:47,170  backtest_rolling  INFO  
── Executando backtest: Minimum Variance ──
2026-08-27 15:50:47,170  backtest_rolling  INFO  WalkForward [Minimum Variance]  T=5387  window=rolling  est_window=252  rebal_freq=21  n_rebal=245
2026-08-27 15:50:47,913  risk_based_portfolios  INFO  MV: vol=0.1646  DR=1.871  converged=True
2026-08-27 15:50:48,310  risk_based_portfolios  INFO  MV: vol=0.1696  DR=1.854  converged=True
2026-08-27 15:50:48,644  risk_based_portfolios  INFO  MV: vol=0.1775  DR=1.782  converged=True
2026-08-27 15:50:48,974  risk_based_portfolios  INFO  MV: vol=0.1728  DR=1.834  converged=True
2026-08-27 15:50:49,383  risk_based_portfolios  INFO  MV: vol=0.1697  DR=1.878  converged=True
2026-08-27 15:50:49,846  risk_based_portfolios  INFO  MV: vol=0.1630  DR=1.921  converged=True
2026-08-27 15:50:50,368  risk_based_portfolios  INFO  MV: vol=0.1700  DR=1.902  converged=True
2026-08-27 15:50:53,243  backtest_rolling  INFO  VaR Backtest [Equal Weight 95%] 95%: violations=232/3980 (5.83%) | Kupiec p=0.019 | CC p=0.000 | adequate=✗
2026-08-27 15:50:53,406  backtest_rolling  INFO  VaR Backtest [Equal Weight 99%] 99%: violations=81/3980 (2.04%) | Kupiec p=0.000 | CC p=0.000 | adequate=✗
2026-08-27 15:50:54,075  backtest_rolling  INFO  
── Executando backtest: Risk Parity ──
2026-08-27 15:50:54,154  backtest_rolling  INFO  WalkForward [Risk Parity]  T=5387  window=rolling  est_window=252  rebal_freq=21  n_rebal=245
